tcDeployExportImport=com.thortech.xl.adapterfactory.forms.tcDeployExportImport
tcDeployUtilImportExport=com.thortech.xl.adapterfactory.forms.tcDeployUtilImportExport
tcIntfDeployConstants=com.thortech.xl.adapterfactory.forms.tcIntfDeployConstants
tcfrmAdapterFactory=com.thortech.xl.adapterfactory.forms.tcfrmAdapterFactory
tcfrmAdapterTask=com.thortech.xl.adapterfactory.forms.tcfrmAdapterTask
tcfrmAdpCompileAll=com.thortech.xl.adapterfactory.forms.tcfrmAdpCompileAll
tcfrmAdpResource=com.thortech.xl.adapterfactory.forms.tcfrmAdpResource
tcfrmLogicTask=com.thortech.xl.adapterfactory.forms.tcfrmLogicTask
tcfrmRGS=com.thortech.xl.adapterfactory.forms.tcfrmRGS
tcfrmRLO=com.thortech.xl.adapterfactory.forms.tcfrmRLO
tcfrmSetVariableTask=com.thortech.xl.adapterfactory.forms.tcfrmSetVariableTask
tcfrmVariable=com.thortech.xl.adapterfactory.forms.tcfrmVariable
tcpnlExecutionInfo=com.thortech.xl.adapterfactory.forms.tcpnlExecutionInfo
tcpnlExportDeploy=com.thortech.xl.adapterfactory.forms.tcpnlExportDeploy
tcpnlImportDeploy=com.thortech.xl.adapterfactory.forms.tcpnlImportDeploy
tcpnlUtilExport=com.thortech.xl.adapterfactory.forms.tcpnlUtilExport
tcpnlUtilInport=com.thortech.xl.adapterfactory.forms.tcpnlUtilInport
InputStreamProducer=com.thortech.xl.client.forms.InputStreamProducer
SimpleClassLoader=com.thortech.xl.client.forms.SimpleClassLoader
StreamPumper=com.thortech.xl.client.forms.StreamPumper
codeTextArea=com.thortech.xl.client.forms.codeTextArea
instID=com.thortech.xl.client.forms.instID
playbackException=com.thortech.xl.client.forms.playbackException
tcChildTableSequence=com.thortech.xl.client.forms.tcChildTableSequence
tcEMDEmail=com.thortech.xl.client.forms.tcEMDEmail
tcMGEStatus=com.thortech.xl.client.forms.tcMGEStatus
tcMSTStatus=com.thortech.xl.client.forms.tcMSTStatus
tcPRFColName=com.thortech.xl.client.forms.tcPRFColName
tcPnlPhoEmail=com.thortech.xl.client.forms.tcPnlPhoEmail
tcPnlPhoFTP=com.thortech.xl.client.forms.tcPnlPhoFTP
tcPnlPhoNDM=com.thortech.xl.client.forms.tcPnlPhoNDM
tcPnlPhoPhone=com.thortech.xl.client.forms.tcPnlPhoPhone
tcPnlUscNote=com.thortech.xl.client.forms.tcPnlUscNote
tcPnlUscReason=com.thortech.xl.client.forms.tcPnlUscReason
tcROPChildTablePanel=com.thortech.xl.client.forms.tcROPChildTablePanel
tcReportDefManager=com.thortech.xl.client.forms.tcReportDefManager
tcRuleElementTree=com.thortech.xl.client.forms.tcRuleElementTree
tcStatusEditor=com.thortech.xl.client.forms.tcStatusEditor
tcTabExportExImData=com.thortech.xl.client.forms.tcTabExportExImData
tcTabImportExImData=com.thortech.xl.client.forms.tcTabImportExImData
tcfrmAGS=com.thortech.xl.client.forms.tcfrmAGS
tcfrmActAsp=com.thortech.xl.client.forms.tcfrmActAsp
tcfrmAssignData=com.thortech.xl.client.forms.tcfrmAssignData
tcfrmAssignToQueue=com.thortech.xl.client.forms.tcfrmAssignToQueue
tcfrmAutomator=com.thortech.xl.client.forms.tcfrmAutomator
tcfrmCRT=com.thortech.xl.client.forms.tcfrmCRT
tcfrmChildRule=com.thortech.xl.client.forms.tcfrmChildRule
tcfrmCkc=com.thortech.xl.client.forms.tcfrmCkc
tcfrmColocation=com.thortech.xl.client.forms.tcfrmColocation
tcfrmCreateVersion=com.thortech.xl.client.forms.tcfrmCreateVersion
tcfrmDOB=com.thortech.xl.client.forms.tcfrmDOB
tcfrmDependentObjectDisplay=com.thortech.xl.client.forms.tcfrmDependentObjectDisplay
tcfrmEMD=com.thortech.xl.client.forms.tcfrmEMD
tcfrmERR=com.thortech.xl.client.forms.tcfrmERR
tcfrmEVT=com.thortech.xl.client.forms.tcfrmEVT
tcfrmEquipPopup=com.thortech.xl.client.forms.tcfrmEquipPopup
tcfrmExImLoader=com.thortech.xl.client.forms.tcfrmExImLoader
tcfrmExImManager=com.thortech.xl.client.forms.tcfrmExImManager
tcfrmGUITest=com.thortech.xl.client.forms.tcfrmGUITest
tcfrmLKU=com.thortech.xl.client.forms.tcfrmLKU
tcfrmLOC=com.thortech.xl.client.forms.tcfrmLOC
tcfrmLOCChildBase=com.thortech.xl.client.forms.tcfrmLOCChildBase
tcfrmLayoutItem=com.thortech.xl.client.forms.tcfrmLayoutItem
tcfrmLayoutManager=com.thortech.xl.client.forms.tcfrmLayoutManager
tcfrmLob=com.thortech.xl.client.forms.tcfrmLob
tcfrmLoopsPopup=com.thortech.xl.client.forms.tcfrmLoopsPopup
tcfrmMIL=com.thortech.xl.client.forms.tcfrmMIL
tcfrmMap=com.thortech.xl.client.forms.tcfrmMap
tcfrmMapDescriptiveField=com.thortech.xl.client.forms.tcfrmMapDescriptiveField
tcfrmMapDobVariable=com.thortech.xl.client.forms.tcfrmMapDobVariable
tcfrmMapMilVariable=com.thortech.xl.client.forms.tcfrmMapMilVariable
tcfrmMapRuleVariable=com.thortech.xl.client.forms.tcfrmMapRuleVariable
tcfrmODFMapping=com.thortech.xl.client.forms.tcfrmODFMapping
tcfrmORF=com.thortech.xl.client.forms.tcfrmORF
tcfrmORR=com.thortech.xl.client.forms.tcfrmORR
tcfrmObj=com.thortech.xl.client.forms.tcfrmObj
tcfrmObject=com.thortech.xl.client.forms.tcfrmObject
tcfrmOpenAdapter=com.thortech.xl.client.forms.tcfrmOpenAdapter
tcfrmOrd=com.thortech.xl.client.forms.tcfrmOrd
tcfrmOsiAssignedTo=com.thortech.xl.client.forms.tcfrmOsiAssignedTo
tcfrmPDF=com.thortech.xl.client.forms.tcfrmPDF
tcfrmPDFMapping=com.thortech.xl.client.forms.tcfrmPDFMapping
tcfrmPKD=com.thortech.xl.client.forms.tcfrmPKD
tcfrmPKG=com.thortech.xl.client.forms.tcfrmPKG
tcfrmPRF=com.thortech.xl.client.forms.tcfrmPRF
tcfrmPRO=com.thortech.xl.client.forms.tcfrmPRO
tcfrmPTY=com.thortech.xl.client.forms.tcfrmPTY
tcfrmPWR=com.thortech.xl.client.forms.tcfrmPWR
tcfrmPho=com.thortech.xl.client.forms.tcfrmPho
tcfrmProcessTask=com.thortech.xl.client.forms.tcfrmProcessTask
tcfrmQUE=com.thortech.xl.client.forms.tcfrmQUE
tcfrmRCB=com.thortech.xl.client.forms.tcfrmRCB
tcfrmRCE=com.thortech.xl.client.forms.tcfrmRCE
tcfrmRCM=com.thortech.xl.client.forms.tcfrmRCM
tcfrmRPP=com.thortech.xl.client.forms.tcfrmRPP
tcfrmRRE=com.thortech.xl.client.forms.tcfrmRRE
tcfrmRRL=com.thortech.xl.client.forms.tcfrmRRL
tcfrmRUL=com.thortech.xl.client.forms.tcfrmRUL
tcfrmRemoteManager=com.thortech.xl.client.forms.tcfrmRemoteManager
tcfrmReq=com.thortech.xl.client.forms.tcfrmReq
tcfrmRequestHistory=com.thortech.xl.client.forms.tcfrmRequestHistory
tcfrmRuleElement=com.thortech.xl.client.forms.tcfrmRuleElement
tcfrmSDC=com.thortech.xl.client.forms.tcfrmSDC
tcfrmSDK=com.thortech.xl.client.forms.tcfrmSDK
tcfrmSDP=com.thortech.xl.client.forms.tcfrmSDP
tcfrmSDPTree=com.thortech.xl.client.forms.tcfrmSDPTree
tcfrmSIT=com.thortech.xl.client.forms.tcfrmSIT
tcfrmSRE=com.thortech.xl.client.forms.tcfrmSRE
tcfrmSTA=com.thortech.xl.client.forms.tcfrmSTA
tcfrmSVD=com.thortech.xl.client.forms.tcfrmSVD
tcfrmSch=com.thortech.xl.client.forms.tcfrmSch
tcfrmSelectHandler=com.thortech.xl.client.forms.tcfrmSelectHandler
tcfrmServer=com.thortech.xl.client.forms.tcfrmServer
tcfrmServiceInfo=com.thortech.xl.client.forms.tcfrmServiceInfo
tcfrmSetPriority=com.thortech.xl.client.forms.tcfrmSetPriority
tcfrmTDV=com.thortech.xl.client.forms.tcfrmTDV
tcfrmTIM=com.thortech.xl.client.forms.tcfrmTIM
tcfrmTLG=com.thortech.xl.client.forms.tcfrmTLG
tcfrmTSK=com.thortech.xl.client.forms.tcfrmTSK
tcfrmTaskList=com.thortech.xl.client.forms.tcfrmTaskList
tcfrmTodo=com.thortech.xl.client.forms.tcfrmTodo
tcfrmTos2=com.thortech.xl.client.forms.tcfrmTos2
tcfrmUDFManager=com.thortech.xl.client.forms.tcfrmUDFManager
tcfrmUGP=com.thortech.xl.client.forms.tcfrmUGP
tcfrmUPL=com.thortech.xl.client.forms.tcfrmUPL
tcfrmUPT=com.thortech.xl.client.forms.tcfrmUPT
tcfrmUSR=com.thortech.xl.client.forms.tcfrmUSR
tcfrmUsrAsp=com.thortech.xl.client.forms.tcfrmUsrAsp
tcfrmUsrPolicy=com.thortech.xl.client.forms.tcfrmUsrPolicy
tcfrmVTK=com.thortech.xl.client.forms.tcfrmVTK
tcfrmVTP=com.thortech.xl.client.forms.tcfrmVTP
tcfrmWin=com.thortech.xl.client.forms.tcfrmWin
tcpnlActIdentifiers=com.thortech.xl.client.forms.tcpnlActIdentifiers
tcpnlActOwnerShip=com.thortech.xl.client.forms.tcpnlActOwnerShip
tcpnlMapAdpVars=com.thortech.xl.client.forms.tcpnlMapAdpVars
tcpnlMilInfo=com.thortech.xl.client.forms.tcpnlMilInfo
tcpnlOrderDisplay=com.thortech.xl.client.forms.tcpnlOrderDisplay
tcpnlProperties=com.thortech.xl.client.forms.tcpnlProperties
tcpnlRuleDisplay=com.thortech.xl.client.forms.tcpnlRuleDisplay
